{
  "version": "1.5.0",
  "plugins_used": [
    {
      "name": "ArtifactoryDetector"
    },
    {
      "name": "AWSKeyDetector"
    },
    {
      "name": "AzureStorageKeyDetector"
    },
    {
      "name": "Base64HighEntropyString",
      "limit": 4.5
    },
    {
      "name": "BasicAuthDetector"
    },
    {
      "name": "CloudantDetector"
    },
    {
      "name": "DiscordBotTokenDetector"
    },
    {
      "name": "GitHubTokenDetector"
    },
    {
      "name": "GitLabTokenDetector"
    },
    {
      "name": "HexHighEntropyString",
      "limit": 3.0
    },
    {
      "name": "IbmCloudIamDetector"
    },
    {
      "name": "IbmCosHmacDetector"
    },
    {
      "name": "IPPublicDetector"
    },
    {
      "name": "JwtTokenDetector"
    },
    {
      "name": "KeywordDetector",
      "keyword_exclude": ""
    },
    {
      "name": "MailchimpDetector"
    },
    {
      "name": "NpmDetector"
    },
    {
      "name": "OpenAIDetector"
    },
    {
      "name": "PrivateKeyDetector"
    },
    {
      "name": "PypiTokenDetector"
    },
    {
      "name": "SendGridDetector"
    },
    {
      "name": "SlackDetector"
    },
    {
      "name": "SoftlayerDetector"
    },
    {
      "name": "SquareOAuthDetector"
    },
    {
      "name": "StripeDetector"
    },
    {
      "name": "TelegramBotTokenDetector"
    },
    {
      "name": "TwilioKeyDetector"
    }
  ],
  "filters_used": [
    {
      "path": "detect_secrets.filters.allowlist.is_line_allowlisted"
    },
    {
      "path": "detect_secrets.filters.common.is_baseline_file",
      "filename": ".secrets.baseline"
    },
    {
      "path": "detect_secrets.filters.common.is_ignored_due_to_verification_policies",
      "min_level": 2
    },
    {
      "path": "detect_secrets.filters.heuristic.is_indirect_reference"
    },
    {
      "path": "detect_secrets.filters.heuristic.is_likely_id_string"
    },
    {
      "path": "detect_secrets.filters.heuristic.is_lock_file"
    },
    {
      "path": "detect_secrets.filters.heuristic.is_not_alphanumeric_string"
    },
    {
      "path": "detect_secrets.filters.heuristic.is_potential_uuid"
    },
    {
      "path": "detect_secrets.filters.heuristic.is_prefixed_with_dollar_sign"
    },
    {
      "path": "detect_secrets.filters.heuristic.is_sequential_string"
    },
    {
      "path": "detect_secrets.filters.heuristic.is_swagger_file"
    },
    {
      "path": "detect_secrets.filters.heuristic.is_templated_secret"
    },
    {
      "path": "detect_secrets.filters.regex.should_exclude_line",
      "pattern": [
        "pragma: allowlist secret"
      ]
    }
  ],
  "results": {
    ".github/workflows/ci.yml": [
      {
        "type": "Secret Keyword",
        "filename": ".github/workflows/ci.yml",
        "hashed_secret": "f21dd9dbdc34e9aaeb3dff8a1917b4debad045f7",
        "is_verified": false,
        "line_number": 33
      },
      {
        "type": "Secret Keyword",
        "filename": ".github/workflows/ci.yml",
        "hashed_secret": "829c3804401b0727f70f73d4415e162400cbe57b",
        "is_verified": false,
        "line_number": 120
      }
    ],
    ".github/workflows/release.yml": [
      {
        "type": "Secret Keyword",
        "filename": ".github/workflows/release.yml",
        "hashed_secret": "829c3804401b0727f70f73d4415e162400cbe57b",
        "is_verified": false,
        "line_number": 84
      }
    ],
    "tests/intelligence/onchain/test_coinglass_provider.py": [
      {
        "type": "Secret Keyword",
        "filename": "tests/intelligence/onchain/test_coinglass_provider.py",
        "hashed_secret": "e37255cb957e0cc2e68e5be1b7cc55e0e3dcf58b",
        "is_verified": false,
        "line_number": 217
      }
    ],
    "tests/test_api_and_fsm_coverage.py": [
      {
        "type": "Secret Keyword",
        "filename": "tests/test_api_and_fsm_coverage.py",
        "hashed_secret": "a0f4ea7d91495df92bbac2e2149dfb850fe81396",
        "is_verified": false,
        "line_number": 97
      }
    ],
    "tests/test_api_main_coverage.py": [
      {
        "type": "Secret Keyword",
        "filename": "tests/test_api_main_coverage.py",
        "hashed_secret": "d869db7fe62fb07c25a0403ecaea55031744b5fb",
        "is_verified": false,
        "line_number": 863
      }
    ],
    "tests/test_coverage_boost3.py": [
      {
        "type": "Secret Keyword",
        "filename": "tests/test_coverage_boost3.py",
        "hashed_secret": "a4b48a81cdab1e1a5dd37907d6c85ca1c61ddc7c",
        "is_verified": false,
        "line_number": 98
      }
    ],
    "tests/test_gap015_backfill.py": [
      {
        "type": "Secret Keyword",
        "filename": "tests/test_gap015_backfill.py",
        "hashed_secret": "bc0fd06bc5a0bd0495c534b5e241af5703befbf9",
        "is_verified": false,
        "line_number": 324
      }
    ],
    "tests/test_intelligence_client_coverage.py": [
      {
        "type": "Secret Keyword",
        "filename": "tests/test_intelligence_client_coverage.py",
        "hashed_secret": "a91f0f1316ca862a11e9f07d51eda9e0fb9d053f",
        "is_verified": false,
        "line_number": 47
      },
      {
        "type": "Secret Keyword",
        "filename": "tests/test_intelligence_client_coverage.py",
        "hashed_secret": "1316ab5b1d23d28b6e5abe5016e48432f5879f62",
        "is_verified": false,
        "line_number": 48
      }
    ],
    "tests/test_order_fsm_registry.py": [
      {
        "type": "Secret Keyword",
        "filename": "tests/test_order_fsm_registry.py",
        "hashed_secret": "ca6b0c55f6bbdd7191c984dd7d65d439eec4c26f",
        "is_verified": false,
        "line_number": 116
      },
      {
        "type": "Secret Keyword",
        "filename": "tests/test_order_fsm_registry.py",
        "hashed_secret": "3ffd83ee9cef228483da5a092804d3ce54077999",
        "is_verified": false,
        "line_number": 117
      }
    ],
    "tests/test_risk_controls_api.py": [
      {
        "type": "Secret Keyword",
        "filename": "tests/test_risk_controls_api.py",
        "hashed_secret": "ca6b0c55f6bbdd7191c984dd7d65d439eec4c26f",
        "is_verified": false,
        "line_number": 421
      },
      {
        "type": "Secret Keyword",
        "filename": "tests/test_risk_controls_api.py",
        "hashed_secret": "3ffd83ee9cef228483da5a092804d3ce54077999",
        "is_verified": false,
        "line_number": 422
      },
      {
        "type": "Secret Keyword",
        "filename": "tests/test_risk_controls_api.py",
        "hashed_secret": "7deeb1b520a95d17eb2f4cf59b05d5c5f9e71e4d",
        "is_verified": false,
        "line_number": 475
      }
    ]
  },
  "generated_at": "2026-08-14T13:31:56Z"
}
