{
  "version": "1.5.0",
  "plugins_used": [
    {
      "name": "ArtifactoryDetector"
    },
    {
      "name": "AWSKeyDetector"
    },
    {
      "name": "AzureStorageKeyDetector"
    },
    {
      "name": "Base64HighEntropyString",
      "limit": 4.5
    },
    {
      "name": "BasicAuthDetector"
    },
    {
      "name": "CloudantDetector"
    },
    {
      "name": "DiscordBotTokenDetector"
    },
    {
      "name": "GitHubTokenDetector"
    },
    {
      "name": "GitLabTokenDetector"
    },
    {
      "name": "HexHighEntropyString",
      "limit": 3.0
    },
    {
      "name": "IbmCloudIamDetector"
    },
    {
      "name": "IbmCosHmacDetector"
    },
    {
      "name": "IPPublicDetector"
    },
    {
      "name": "JwtTokenDetector"
    },
    {
      "name": "KeywordDetector",
      "keyword_exclude": ""
    },
    {
      "name": "MailchimpDetector"
    },
    {
      "name": "NpmDetector"
    },
    {
      "name": "OpenAIDetector"
    },
    {
      "name": "PrivateKeyDetector"
    },
    {
      "name": "PypiTokenDetector"
    },
    {
      "name": "SendGridDetector"
    },
    {
      "name": "SlackDetector"
    },
    {
      "name": "SoftlayerDetector"
    },
    {
      "name": "SquareOAuthDetector"
    },
    {
      "name": "StripeDetector"
    },
    {
      "name": "TelegramBotTokenDetector"
    },
    {
      "name": "TwilioKeyDetector"
    }
  ],
  "exclude": {
    "files": "\\.venv/",
    "lines": null
  },
  "filters_used": [
    {
      "path": "detect_secrets.filters.allowlist.is_line_allowlisted"
    },
    {
      "path": "detect_secrets.filters.common.is_ignored_due_to_verification_policies",
      "min_level": 2
    },
    {
      "path": "detect_secrets.filters.heuristic.is_indirect_reference"
    },
    {
      "path": "detect_secrets.filters.heuristic.is_likely_id_string"
    },
    {
      "path": "detect_secrets.filters.heuristic.is_lock_file"
    },
    {
      "path": "detect_secrets.filters.heuristic.is_not_alphanumeric_string"
    },
    {
      "path": "detect_secrets.filters.heuristic.is_potential_uuid"
    },
    {
      "path": "detect_secrets.filters.heuristic.is_prefixed_with_dollar_sign"
    },
    {
      "path": "detect_secrets.filters.heuristic.is_sequential_string"
    },
    {
      "path": "detect_secrets.filters.heuristic.is_swagger_file"
    },
    {
      "path": "detect_secrets.filters.heuristic.is_templated_secret"
    }
  ],
  "results": {
    ".venv/lib/python3.14/site-packages/detect_secrets-1.5.0.dist-info/entry_points.txt": [
      {
        "type": "Secret Keyword",
        "filename": ".venv/lib/python3.14/site-packages/detect_secrets-1.5.0.dist-info/entry_points.txt",
        "hashed_secret": "fe8fe623d09c56f4e3c77184c8db68d396aca95a",
        "is_verified": false,
        "is_secret": false,
        "line_number": 2
      }
    ],
    ".github\\workflows\\ci.yml": [
      {
        "type": "Secret Keyword",
        "filename": ".github\\workflows\\ci.yml",
        "hashed_secret": "829c3804401b0727f70f73d4415e162400cbe57b",
        "is_verified": false,
        "line_number": 57
      }
    ],
    ".github\\workflows\\release.yml": [
      {
        "type": "Secret Keyword",
        "filename": ".github\\workflows\\release.yml",
        "hashed_secret": "829c3804401b0727f70f73d4415e162400cbe57b",
        "is_verified": false,
        "line_number": 84
      }
    ],
    "ci_runs.json": [
      {
        "type": "Hex High Entropy String",
        "filename": "ci_runs.json",
        "hashed_secret": "9950d2ea1e1f0bdcdffea119ddc02d8d947130cb",
        "is_verified": false,
        "line_number": 9
      },
      {
        "type": "Hex High Entropy String",
        "filename": "ci_runs.json",
        "hashed_secret": "a498f68c6f734f1bf00ed1477c2d1b3a80d6afdc",
        "is_verified": false,
        "line_number": 237
      }
    ],
    "jobs.json": [
      {
        "type": "Hex High Entropy String",
        "filename": "jobs.json",
        "hashed_secret": "a498f68c6f734f1bf00ed1477c2d1b3a80d6afdc",
        "is_verified": false,
        "line_number": 12
      }
    ],
    "latest_run.json": [
      {
        "type": "Hex High Entropy String",
        "filename": "latest_run.json",
        "hashed_secret": "7c092118f0f1b6f259fcdb1bb336374ccd5fa21f",
        "is_verified": false,
        "line_number": 9
      }
    ],
    "latest_runs.json": [
      {
        "type": "Hex High Entropy String",
        "filename": "latest_runs.json",
        "hashed_secret": "b91fb253a9e1a62bf73a4ac2d3529d83e6a3659d",
        "is_verified": false,
        "line_number": 9
      }
    ],
    "run_detail.json": [
      {
        "type": "Hex High Entropy String",
        "filename": "run_detail.json",
        "hashed_secret": "9950d2ea1e1f0bdcdffea119ddc02d8d947130cb",
        "is_verified": false,
        "line_number": 6
      }
    ]
  },
  "generated_at": "2026-06-01T12:21:27Z"
}
